// Jest Snapshot v1, https://goo.gl/fbAQLP

exports[`App renders App Correctly 1`] = `
<DocumentFragment>
  <div
    class="App"
  >
    <img
      alt="NASA logo"
      class="logo"
      src="https://cdn.cnn.com/cnnnext/dam/assets/200424060716-nasa-worm-logo.jpg"
    />
    <div
      class="Search"
    >
      <form
        class="search-form"
      >
        <input
          class="Search-field"
          type="text"
        />
        <button
          class="search-comp"
          type="submit"
        >
          Search!
        </button>
      </form>
    </div>
    <p>
      Search Results
    </p>
    <img
      alt="space-pic"
      class="card-image"
      src="https://images.unsplash.com/photo-1522030299830-16b8d3d049fe?ixlib=rb-1.2.1&ixid=eyJhcHBfaWQiOjEyMDd9&w=1000&q=80"
    />
  </div>
</DocumentFragment>
`;
