// Jest Snapshot v1, https://goo.gl/fbAQLP

exports[`Search renders correctly 1`] = `
<DocumentFragment>
  <div
    class="Search"
  >
    <form
      class="search-form"
    >
      <input
        class="Search-field"
        type="text"
      />
      <button
        class="search-comp"
        type="submit"
      >
        Search!
      </button>
    </form>
  </div>
</DocumentFragment>
`;
